C51 COMPILER V9.01   POWER                                                                 07/18/2022 16:31:18 PAGE 1   


C51 COMPILER V9.01, COMPILATION OF MODULE POWER
OBJECT MODULE PLACED IN .\output\power.obj
COMPILER INVOKED BY: D:\Paths\Keil_v5\C51\BIN\C51.EXE ECBM_LIB\power.c LARGE OPTIMIZE(8,SPEED) BROWSE INCDIR(.\ECBM_LIB;
                    -.\device) DEBUG OBJECTEXTEND PRINT(.\output\power.lst) OBJECT(.\output\power.obj)

line level    source

   1          #include "ecbm_core.h"//统一加载核心头文件
   2          #if ECBM_POWER_LIB_EN //检查本库有没有被使能
   3          /*--------------------------------------程序定义-----------------------------------*/
   4          /*程序区折叠专用*************************复位模块******************/#if ECBM_POWER_RESET_EN
              /*-------------------------------------------------------
              复位函数，复位之后从main函数开始运行。
              -------------------------------------------------------*/
              void power_reset_code(void){
                  _nop_();
                  MCU_RESET;
                  _nop_();
                  _nop_();
              }
              /*-------------------------------------------------------
              复位函数，复位之后从系统BootLoader开始运行。
              -------------------------------------------------------*/
              void power_reset_isp(void){
                  _nop_();
                  POWER_RESET;
                  _nop_();
                  _nop_();
              }
              /*程序区折叠专用***************************************************************/#endif
  24          /*程序区折叠专用*************************电源模块***********/#if ECBM_POWER_CONTROL_EN
  25          /*-------------------------------------------------------
  26          掉电函数。
  27          -------------------------------------------------------*/
  28          void power_powerdown(void){
  29   1          #if (ECBM_POWER_WKTC_CONFIG&0x8000)    //如果开了唤醒定时器使能。
  30   1              WKT_SET_REG_COUNT(ECBM_POWER_WKTC_CONFIG);//就给唤醒定时器赋值。
  31   1          #endif
  32   1          _nop_();
  33   1          POWER_DOWN;
  34   1          _nop_();
  35   1          _nop_();
  36   1      }
  37          /*-------------------------------------------------------
  38          CPU空闲函数。
  39          -------------------------------------------------------*/
  40          void power_cpu_idle(void){
  41   1          _nop_();
  42   1          POWER_IDLE;
  43   1          _nop_();
  44   1          _nop_();
  45   1      }
  46          /*程序区折叠专用**************************************************************/#endif
  47          /*程序区折叠专用************************看门狗模块******************/#if ECBM_POWER_WDOG_EN
  48          /*----------------------------
  49          看门狗开启函数
  50          -----------------------------*/
  51          void wdt_start(void){
  52   1          WDT_SET_REG_CONTR(ECBM_POWER_WDT_MODE|EN_WDT);
  53   1      }
  54          /*----------------------------
C51 COMPILER V9.01   POWER                                                                 07/18/2022 16:31:18 PAGE 2   

  55          喂狗函数
  56          -----------------------------*/
  57          void wdt_feed(void){
  58   1          WDT_CLR;
  59   1      }
  60          /*程序区折叠专用**************************************************************/#endif
  61          /*程序区折叠专用**********************复位配置模块***************/#if ECBM_POWER_RST_CFG_EN
  62          /*-------------------------------------------------------
  63          复位寄存器初始化函数。
  64          -------------------------------------------------------*/
  65          void power_rstcfg_init(void){
  66   1          SYS_SET_REG_RSTCFG(ECBM_POWER_RST_CFG_MODE);
  67   1      }
  68          /*程序区折叠专用**************************************************************/#endif
  69          #endif  //和最上面的#ifndef配合成一个程序段。
  70                  //以一个空行为结尾。


MODULE INFORMATION:   STATIC OVERLAYABLE
   CODE SIZE        =     32    ----
   CONSTANT SIZE    =   ----    ----
   XDATA SIZE       =   ----    ----
   PDATA SIZE       =   ----    ----
   DATA SIZE        =   ----    ----
   IDATA SIZE       =   ----    ----
   BIT SIZE         =   ----    ----
END OF MODULE INFORMATION.


C51 COMPILATION COMPLETE.  0 WARNING(S),  0 ERROR(S)
