C51 COMPILER V9.01   MAIN                                                                  07/15/2022 16:45:33 PAGE 1   


C51 COMPILER V9.01, COMPILATION OF MODULE MAIN
OBJECT MODULE PLACED IN .\output\main.obj
COMPILER INVOKED BY: D:\Paths\Keil_v5\C51\BIN\C51.EXE main.c LARGE OPTIMIZE(8,SPEED) BROWSE INCDIR(.\ECBM_LIB;.\device) 
                    -DEBUG OBJECTEXTEND PRINT(.\output\main.lst) OBJECT(.\output\main.obj)

line level    source

   1          #include "ecbm_core.h"  //加载库函数的头文件。
   2          
   3          
   4          void main(void){        //main函数，必须的。
   5   1          system_init();      //系统初始化函数，也是必须的。
   6   1              
   7   1              //STC8系列一些型号的IO上电默认是高阻态，要设置成输出（推挽）态。
   8   1              gpio_mode(D33,GPIO_OUT);
   9   1              gpio_mode(D54,GPIO_OUT);//这里使用了P5.4脚。如果换成P0.0就填D00，以此类推。
  10   1              
  11   1              gpio_mode(D33,GPIO_OUT);
  12   1          while(1){
  13   2                      gpio_toggle(D54);//闪烁灯就是IO高低电平切换使得LED闪烁，所以用了翻转函数。
  14   2                      gpio_out_fast(GPIO_P3,GPIO_PIN_3,0);//P3.3脚输出低电平。 0
  15   2                      delay_ms(500);//更改延时可以改变闪烁的频率。
  16   2          }
  17   1      }


MODULE INFORMATION:   STATIC OVERLAYABLE
   CODE SIZE        =     47    ----
   CONSTANT SIZE    =   ----    ----
   XDATA SIZE       =   ----    ----
   PDATA SIZE       =   ----    ----
   DATA SIZE        =   ----    ----
   IDATA SIZE       =   ----    ----
   BIT SIZE         =   ----    ----
END OF MODULE INFORMATION.


C51 COMPILATION COMPLETE.  0 WARNING(S),  0 ERROR(S)
